$ C:\Users\yjk18\AppData\Local\Microsoft\WindowsApps\PythonSoftwareFoundation.Python.3.13_qbz5n2kfra8p0\python.exe 3-1-my-data.py

=== STDOUT ===
=== 실습 3.1 내 관심사를 표로 만든다 ===
[그림 폰트] 한글 폰트 사용: ['Malgun Gothic']
이 표에는 실명·학번·연락처를 넣지 않는다. 별명만 쓴다.
별명: student01

=== 1단계. 리스트에 적은 내용 ===
좋아하는 음식 3개: ['짜장면', '족발', '소주']
좋아하는 영화 3개: ['로맨스', '액션', '공상과학']
좋아하는 운동 4개: ['축구', '당구', '족구', '배드민턴']

=== 2단계. 표로 만든 결과 ===
표의 크기: 10행 x 6열
열 이름: ['별명', '분류', '항목', '점수', '이름글자수', '좋아함']

       별명 분류   항목  점수  이름글자수 좋아함
student01 음식  짜장면   9      3 좋아함
student01 음식   족발  10      2 좋아함
student01 음식   소주   5      2  보통
student01 영화  로맨스   7      3 좋아함
student01 영화   액션   9      2 좋아함
student01 영화 공상과학  10      4 좋아함
student01 운동   축구  10      2 좋아함
student01 운동   당구   8      2 좋아함
student01 운동   족구   5      2  보통
student01 운동 배드민턴   7      4 좋아함

=== 열마다 어떤 자료형인가 ===
별명         str
분류         str
항목         str
점수       int64
이름글자수    int64
좋아함        str

=== 3단계. CSV로 저장하고 다시 읽기 ===
저장한 파일: results/week03-my-data.csv
파일 크기: 463바이트
다시 읽은 표의 크기: 10행 x 6열
저장 전과 후의 내용이 같은가: True

=== 4단계. 특성과 라벨 정하기 ===
질문: "이 항목을 좋아할까?"
특성(feature) 열: ['분류', '점수', '이름글자수']
라벨(label) 열: 좋아함
좋아함
좋아함    8
보통     2

=== 5단계. 훈련 데이터와 테스트 데이터로 나누기 ===
전체 10행 = 훈련 7행 + 테스트 3행
테스트 쪽으로 간 항목: ['족구', '족발', '공상과학']
테스트 쪽 행은 모델을 만들 때 보지 않는다. 4장에서 이 규칙을 다시 쓴다.

=== 저장된 결과 ===
표 파일: results/week03-my-data.csv
그림 파일: results/my-interests.png

파일 맨 위의 리스트를 바꿔 다시 실행하면 표와 그림이 함께 바뀐다.

=== STDERR ===
