$ C:\Users\user\AppData\Local\Programs\Python\Python312\python.exe 3-3-summarize-table.py

=== STDOUT ===
=== 1. 정제한 표를 숫자로 요약한다 ===
[그림 폰트] 한글 폰트 사용: ['Malgun Gothic']
읽은 표: results/week03-cleaned.csv (60행 x 5열)

       공부시간   수면시간   시험점수
개수    60.00  60.00  57.00
평균     4.00   6.74  75.77
중앙값    4.00   6.60  75.00
표준편차   1.05   0.91   9.58
최솟값    1.10   4.90  59.00
최댓값    6.20   8.90  97.00

공부시간과 시험점수의 상관계수: 0.69
(1에 가까우면 함께 커지는 관계, 0이면 관계 없음, -1에 가까우면 반대 방향)

그림 저장: results/table-summary.png
산점도에 그린 학생: 라벨(시험점수)이 있는 57명

=== 2. 글자 분류 열을 숫자로 바꾼다 (원-핫 인코딩) ===
바꾸기 전
 항목 분류  점수
떡볶이 음식   9
기생충 영화   8
 농구 운동   7

바꾼 후
 항목  점수  분류_영화  분류_운동  분류_음식
떡볶이   9      0      0      1
기생충   8      1      0      0
 농구   7      0      1      0

분류 열 하나가 0과 1만 담는 세 열이 됐다. 행마다 1은 한 칸뿐이다.

=== 3. 공개 데이터셋도 같은 표다 ===
scikit-learn 내장 붓꽃(iris) 데이터: 150행 x 5열
열 이름: ['sepal length (cm)', 'sepal width (cm)', 'petal length (cm)', 'petal width (cm)', 'target']

표 앞부분 3행
 sepal length (cm)  sepal width (cm)  petal length (cm)  petal width (cm)  target
               5.1               3.5                1.4               0.2       0
               4.9               3.0                1.4               0.2       0
               4.7               3.2                1.3               0.2       0

행 하나가 꽃 한 송이, 앞 네 열이 특성(꽃잎·꽃받침 치수), target 열이 품종 라벨이다.
내가 만든 관심사 표와 구조가 같다. 크기와 내용만 다르다.

=== STDERR ===
